[2026-08-04T17:53:11.119Z] GET http://localhost:8934/index.html?bb=1 → 200 (8ms, 74303B)
[2026-08-04T17:53:11.137Z] GET http://localhost:8934/assets/setpr-icon.png → 200 (5ms, 4382992B)
[2026-08-04T17:53:11.137Z] GET http://localhost:8934/assets/hero-phone-poster.jpg → 200 (5ms, 56991B)
[2026-08-04T17:53:11.138Z] GET https://cdn.jsdelivr.net/npm/motion@12.42.2/dist/motion.js → 200 (101ms, 47838B)
[2026-08-04T17:53:11.139Z] GET https://cdn.jsdelivr.net/npm/gsap@3.15/dist/gsap.min.js → 200 (79ms, 29786B)
[2026-08-04T17:53:11.139Z] GET https://cdn.jsdelivr.net/npm/gsap@3.15/dist/ScrollTrigger.min.js → 200 (99ms, 18464B)
[2026-08-04T17:53:11.139Z] GET https://cdn.jsdelivr.net/npm/animejs/dist/bundles/anime.umd.min.js → 200 (102ms, 41854B)
[2026-08-04T17:53:11.213Z] GET http://localhost:8934/assets/disassemble/home-screen.jpg → 200 (5ms, 53336B)
[2026-08-04T17:53:11.213Z] GET http://localhost:8934/assets/disassemble/progress-card.jpg → 200 (4ms, 27837B)
[2026-08-04T17:53:11.213Z] GET http://localhost:8934/assets/disassemble/pr-badge.jpg → 200 (5ms, 6245B)
[2026-08-04T17:53:11.217Z] GET http://localhost:8934/assets/hero-phone.mp4 → 200 (1ms, 810381B)
[2026-08-04T17:53:29.227Z] GET http://localhost:8934/assets/barbell/plate-45.webp → 200 (1ms, 10428B)
[2026-08-04T17:53:29.227Z] GET http://localhost:8934/assets/barbell/plate-35.webp → 200 (1ms, 10942B)
[2026-08-04T17:53:29.227Z] GET http://localhost:8934/assets/barbell/plate-25.webp → 200 (3ms, 8768B)
[2026-08-04T17:53:29.227Z] GET http://localhost:8934/assets/barbell/plate-10.webp → 200 (4ms, 6010B)
[2026-08-04T17:53:29.227Z] GET http://localhost:8934/assets/barbell/bar.webp → 200 (4ms, 10202B)
[2026-08-04T17:54:53.754Z] GET http://localhost:8934/index.html?bb=2 → 200 (1ms, 74303B)
[2026-08-04T17:54:53.760Z] GET http://localhost:8934/assets/setpr-icon.png → 200 (?ms, -189B)
[2026-08-04T17:54:53.761Z] GET http://localhost:8934/assets/hero-phone-poster.jpg → 200 (?ms, -188B)
[2026-08-04T17:54:53.761Z] GET https://cdn.jsdelivr.net/npm/motion@12.42.2/dist/motion.js → 200 (?ms, -770B)
[2026-08-04T17:54:53.761Z] GET https://cdn.jsdelivr.net/npm/gsap@3.15/dist/gsap.min.js → 200 (?ms, -752B)
[2026-08-04T17:54:53.761Z] GET https://cdn.jsdelivr.net/npm/gsap@3.15/dist/ScrollTrigger.min.js → 200 (?ms, -750B)
[2026-08-04T17:54:53.762Z] GET https://cdn.jsdelivr.net/npm/animejs/dist/bundles/anime.umd.min.js → 200 (?ms, -749B)
[2026-08-04T17:54:53.778Z] GET http://localhost:8934/assets/disassemble/home-screen.jpg → 200 (?ms, -188B)
[2026-08-04T17:54:53.780Z] GET http://localhost:8934/assets/disassemble/progress-card.jpg → 200 (?ms, -188B)
[2026-08-04T17:54:53.780Z] GET http://localhost:8934/assets/disassemble/pr-badge.jpg → 200 (?ms, -187B)
[2026-08-04T17:54:53.781Z] GET http://localhost:8934/assets/hero-phone.mp4 → 206 (11ms, -239B)
[2026-08-04T17:55:00.544Z] GET http://localhost:8934/assets/barbell/plate-45.webp → 200 (3ms, 11074B)
[2026-08-04T17:55:00.544Z] GET http://localhost:8934/assets/barbell/plate-35.webp → 200 (2ms, 11534B)
[2026-08-04T17:55:00.544Z] GET http://localhost:8934/assets/barbell/plate-25.webp → 200 (2ms, 9166B)
[2026-08-04T17:55:00.544Z] GET http://localhost:8934/assets/barbell/plate-10.webp → 200 (5ms, 6556B)
[2026-08-04T17:55:00.544Z] GET http://localhost:8934/assets/barbell/bar.webp → 200 (5ms, 9842B)
[2026-08-04T17:55:56.787Z] GET http://localhost:8934/index.html?bb=3 → 200 (2ms, 74246B)
[2026-08-04T17:55:56.793Z] GET http://localhost:8934/assets/setpr-icon.png → 200 (?ms, -189B)
[2026-08-04T17:55:56.793Z] GET http://localhost:8934/assets/hero-phone-poster.jpg → 200 (?ms, -188B)
[2026-08-04T17:55:56.793Z] GET https://cdn.jsdelivr.net/npm/motion@12.42.2/dist/motion.js → 200 (1ms, -770B)
[2026-08-04T17:55:56.794Z] GET https://cdn.jsdelivr.net/npm/gsap@3.15/dist/gsap.min.js → 200 (?ms, -752B)
[2026-08-04T17:55:56.794Z] GET https://cdn.jsdelivr.net/npm/gsap@3.15/dist/ScrollTrigger.min.js → 200 (?ms, -750B)
[2026-08-04T17:55:56.794Z] GET https://cdn.jsdelivr.net/npm/animejs/dist/bundles/anime.umd.min.js → 200 (?ms, -749B)
[2026-08-04T17:55:56.808Z] GET http://localhost:8934/assets/disassemble/home-screen.jpg → 200 (?ms, -188B)
[2026-08-04T17:55:56.809Z] GET http://localhost:8934/assets/disassemble/progress-card.jpg → 200 (?ms, -188B)
[2026-08-04T17:55:56.809Z] GET http://localhost:8934/assets/disassemble/pr-badge.jpg → 200 (?ms, -187B)
[2026-08-04T17:55:56.811Z] GET http://localhost:8934/assets/hero-phone.mp4 → 206 (4ms, -239B)
[2026-08-04T17:55:57.661Z] GET http://localhost:8934/assets/barbell/plate-45.webp → 304 (2ms, ?B)
[2026-08-04T17:55:57.661Z] GET http://localhost:8934/assets/barbell/plate-35.webp → 304 (2ms, ?B)
[2026-08-04T17:55:57.661Z] GET http://localhost:8934/assets/barbell/plate-25.webp → 304 (3ms, ?B)
[2026-08-04T17:55:57.661Z] GET http://localhost:8934/assets/barbell/plate-10.webp → 304 (2ms, ?B)
[2026-08-04T17:55:57.661Z] GET http://localhost:8934/assets/barbell/bar.webp → 304 (3ms, ?B)
[2026-08-04T17:58:48.852Z] GET http://localhost:8934/index.html?bb=4 → 200 (2ms, 74350B)
[2026-08-04T17:58:48.857Z] GET http://localhost:8934/assets/setpr-icon.png → 200 (2ms, -189B)
[2026-08-04T17:58:48.859Z] GET http://localhost:8934/assets/hero-phone-poster.jpg → 200 (?ms, -188B)
[2026-08-04T17:58:48.860Z] GET https://cdn.jsdelivr.net/npm/motion@12.42.2/dist/motion.js → 200 (?ms, -770B)
[2026-08-04T17:58:48.861Z] GET https://cdn.jsdelivr.net/npm/gsap@3.15/dist/gsap.min.js → 200 (?ms, -752B)
[2026-08-04T17:58:48.861Z] GET https://cdn.jsdelivr.net/npm/gsap@3.15/dist/ScrollTrigger.min.js → 200 (?ms, -750B)
[2026-08-04T17:58:48.861Z] GET https://cdn.jsdelivr.net/npm/animejs/dist/bundles/anime.umd.min.js → 200 (?ms, -749B)
[2026-08-04T17:58:48.872Z] GET http://localhost:8934/assets/disassemble/home-screen.jpg → 200 (?ms, -188B)
[2026-08-04T17:58:48.872Z] GET http://localhost:8934/assets/disassemble/progress-card.jpg → 200 (?ms, -188B)
[2026-08-04T17:58:48.872Z] GET http://localhost:8934/assets/disassemble/pr-badge.jpg → 200 (?ms, -187B)
[2026-08-04T17:58:48.873Z] GET http://localhost:8934/assets/hero-phone.mp4 → 206 (5ms, -239B)
[2026-08-04T17:58:57.462Z] GET http://localhost:8934/assets/barbell/plate-45.webp → 304 (1ms, ?B)
[2026-08-04T17:58:57.462Z] GET http://localhost:8934/assets/barbell/plate-35.webp → 304 (2ms, ?B)
[2026-08-04T17:58:57.462Z] GET http://localhost:8934/assets/barbell/plate-25.webp → 304 (2ms, ?B)
[2026-08-04T17:58:57.462Z] GET http://localhost:8934/assets/barbell/plate-10.webp → 304 (2ms, ?B)
[2026-08-04T17:58:57.462Z] GET http://localhost:8934/assets/barbell/bar.webp → 304 (2ms, ?B)
[2026-08-04T17:59:16.602Z] GET http://localhost:8934/index.html?bb=5 → 200 (3ms, 74350B)
[2026-08-04T17:59:16.607Z] GET http://localhost:8934/assets/setpr-icon.png → 200 (1ms, -189B)
[2026-08-04T17:59:16.608Z] GET http://localhost:8934/assets/hero-phone-poster.jpg → 200 (?ms, -188B)
[2026-08-04T17:59:16.609Z] GET https://cdn.jsdelivr.net/npm/motion@12.42.2/dist/motion.js → 200 (?ms, -770B)
[2026-08-04T17:59:16.610Z] GET https://cdn.jsdelivr.net/npm/gsap@3.15/dist/gsap.min.js → 200 (?ms, -752B)
[2026-08-04T17:59:16.610Z] GET https://cdn.jsdelivr.net/npm/gsap@3.15/dist/ScrollTrigger.min.js → 200 (?ms, -750B)
[2026-08-04T17:59:16.611Z] GET https://cdn.jsdelivr.net/npm/animejs/dist/bundles/anime.umd.min.js → 200 (?ms, -749B)
[2026-08-04T17:59:16.620Z] GET http://localhost:8934/assets/disassemble/home-screen.jpg → 200 (1ms, -188B)
[2026-08-04T17:59:16.621Z] GET http://localhost:8934/assets/disassemble/progress-card.jpg → 200 (?ms, -188B)
[2026-08-04T17:59:16.621Z] GET http://localhost:8934/assets/disassemble/pr-badge.jpg → 200 (?ms, -187B)
[2026-08-04T17:59:16.621Z] GET http://localhost:8934/assets/barbell/plate-45.webp → 200 (?ms, -188B)
[2026-08-04T17:59:16.621Z] GET http://localhost:8934/assets/barbell/plate-35.webp → 200 (?ms, -188B)
[2026-08-04T17:59:16.621Z] GET http://localhost:8934/assets/barbell/plate-25.webp → 200 (?ms, -187B)
[2026-08-04T17:59:16.621Z] GET http://localhost:8934/assets/barbell/plate-10.webp → 200 (?ms, -187B)
[2026-08-04T17:59:16.621Z] GET http://localhost:8934/assets/barbell/bar.webp → 200 (?ms, -187B)
[2026-08-04T17:59:55.470Z] GET http://localhost:8934/index.html?bb=6 → 200 (2ms, 74350B)
[2026-08-04T17:59:55.475Z] GET http://localhost:8934/assets/setpr-icon.png → 200 (?ms, -189B)
[2026-08-04T17:59:55.475Z] GET http://localhost:8934/assets/hero-phone-poster.jpg → 200 (?ms, -188B)
[2026-08-04T17:59:55.476Z] GET https://cdn.jsdelivr.net/npm/motion@12.42.2/dist/motion.js → 200 (?ms, -770B)
[2026-08-04T17:59:55.476Z] GET https://cdn.jsdelivr.net/npm/gsap@3.15/dist/gsap.min.js → 200 (?ms, -752B)
[2026-08-04T17:59:55.476Z] GET https://cdn.jsdelivr.net/npm/gsap@3.15/dist/ScrollTrigger.min.js → 200 (?ms, -750B)
[2026-08-04T17:59:55.477Z] GET https://cdn.jsdelivr.net/npm/animejs/dist/bundles/anime.umd.min.js → 200 (?ms, -749B)
[2026-08-04T17:59:55.487Z] GET http://localhost:8934/assets/disassemble/home-screen.jpg → 200 (?ms, -188B)
[2026-08-04T17:59:55.487Z] GET http://localhost:8934/assets/disassemble/progress-card.jpg → 200 (?ms, -188B)
[2026-08-04T17:59:55.487Z] GET http://localhost:8934/assets/disassemble/pr-badge.jpg → 200 (?ms, -187B)
[2026-08-04T18:00:07.712Z] GET http://localhost:8934/assets/barbell/plate-45.webp → 304 (2ms, ?B)
[2026-08-04T18:00:07.712Z] GET http://localhost:8934/assets/barbell/plate-35.webp → 304 (2ms, ?B)
[2026-08-04T18:00:07.712Z] GET http://localhost:8934/assets/barbell/plate-25.webp → 304 (2ms, ?B)
[2026-08-04T18:00:07.712Z] GET http://localhost:8934/assets/barbell/plate-10.webp → 304 (2ms, ?B)
[2026-08-04T18:00:07.712Z] GET http://localhost:8934/assets/barbell/bar.webp → 304 (3ms, ?B)
[2026-08-04T18:01:35.879Z] GET http://localhost:8934/index.html?bb=7 → 200 (1ms, 74403B)
[2026-08-04T18:01:35.884Z] GET http://localhost:8934/assets/setpr-icon.png → 200 (?ms, -189B)
[2026-08-04T18:01:35.884Z] GET http://localhost:8934/assets/hero-phone-poster.jpg → 200 (?ms, -188B)
[2026-08-04T18:01:35.884Z] GET https://cdn.jsdelivr.net/npm/motion@12.42.2/dist/motion.js → 200 (?ms, -770B)
[2026-08-04T18:01:35.885Z] GET https://cdn.jsdelivr.net/npm/gsap@3.15/dist/gsap.min.js → 200 (?ms, -752B)
[2026-08-04T18:01:35.885Z] GET https://cdn.jsdelivr.net/npm/gsap@3.15/dist/ScrollTrigger.min.js → 200 (?ms, -750B)
[2026-08-04T18:01:35.885Z] GET https://cdn.jsdelivr.net/npm/animejs/dist/bundles/anime.umd.min.js → 200 (?ms, -749B)
[2026-08-04T18:01:35.897Z] GET http://localhost:8934/assets/disassemble/home-screen.jpg → 200 (?ms, -188B)
[2026-08-04T18:01:35.897Z] GET http://localhost:8934/assets/disassemble/progress-card.jpg → 200 (?ms, -188B)
[2026-08-04T18:01:35.897Z] GET http://localhost:8934/assets/disassemble/pr-badge.jpg → 200 (?ms, -187B)
[2026-08-04T18:01:35.897Z] GET http://localhost:8934/assets/hero-phone.mp4 → 206 (6ms, -239B)
[2026-08-04T18:01:47.859Z] GET http://localhost:8934/assets/barbell/plate-45.webp → 304 (2ms, ?B)
[2026-08-04T18:01:47.859Z] GET http://localhost:8934/assets/barbell/plate-35.webp → 304 (2ms, ?B)
[2026-08-04T18:01:47.859Z] GET http://localhost:8934/assets/barbell/plate-25.webp → 304 (2ms, ?B)
[2026-08-04T18:01:47.859Z] GET http://localhost:8934/assets/barbell/plate-10.webp → 304 (3ms, ?B)
[2026-08-04T18:01:47.859Z] GET http://localhost:8934/assets/barbell/bar.webp → 304 (3ms, ?B)
[2026-08-04T18:02:02.080Z] GET http://localhost:8934/index.html?bb=8 → 200 (1ms, 74403B)
[2026-08-04T18:02:02.085Z] GET http://localhost:8934/assets/setpr-icon.png → 200 (?ms, -189B)
[2026-08-04T18:02:02.085Z] GET http://localhost:8934/assets/hero-phone-poster.jpg → 200 (?ms, -188B)
[2026-08-04T18:02:02.085Z] GET https://cdn.jsdelivr.net/npm/motion@12.42.2/dist/motion.js → 200 (1ms, -770B)
[2026-08-04T18:02:02.086Z] GET https://cdn.jsdelivr.net/npm/gsap@3.15/dist/gsap.min.js → 200 (?ms, -752B)
[2026-08-04T18:02:02.086Z] GET https://cdn.jsdelivr.net/npm/gsap@3.15/dist/ScrollTrigger.min.js → 200 (?ms, -750B)
[2026-08-04T18:02:02.086Z] GET https://cdn.jsdelivr.net/npm/animejs/dist/bundles/anime.umd.min.js → 200 (?ms, -749B)
[2026-08-04T18:02:02.100Z] GET http://localhost:8934/assets/disassemble/home-screen.jpg → 200 (?ms, -188B)
[2026-08-04T18:02:02.100Z] GET http://localhost:8934/assets/disassemble/progress-card.jpg → 200 (?ms, -188B)
[2026-08-04T18:02:02.100Z] GET http://localhost:8934/assets/disassemble/pr-badge.jpg → 200 (?ms, -187B)
[2026-08-04T18:02:02.100Z] GET http://localhost:8934/assets/barbell/plate-45.webp → 200 (?ms, -188B)
[2026-08-04T18:02:02.100Z] GET http://localhost:8934/assets/barbell/plate-35.webp → 200 (?ms, -188B)
[2026-08-04T18:02:02.100Z] GET http://localhost:8934/assets/barbell/plate-25.webp → 200 (1ms, -187B)
[2026-08-04T18:02:02.101Z] GET http://localhost:8934/assets/barbell/plate-10.webp → 200 (?ms, -187B)
[2026-08-04T18:02:02.101Z] GET http://localhost:8934/assets/barbell/bar.webp → 200 (?ms, -187B)
